src/app/api/chat/node/route.ts(2,22): error TS2305: Module '"ai"' has no exported member 'CoreMessage'.
src/components/canvas/NodeContextChat.tsx(3,19): error TS2724: '"@ai-sdk/react"' has no exported member named 'Message'. Did you mean 'UIMessage'?
src/components/canvas/NodeContextChat.tsx(20,23): error TS2339: Property 'input' does not exist on type 'UseChatHelpers<UIMessage<unknown, UIDataTypes, UITools>>'.
src/components/canvas/NodeContextChat.tsx(20,30): error TS2339: Property 'handleInputChange' does not exist on type 'UseChatHelpers<UIMessage<unknown, UIDataTypes, UITools>>'.
src/components/canvas/NodeContextChat.tsx(20,49): error TS2339: Property 'handleSubmit' does not exist on type 'UseChatHelpers<UIMessage<unknown, UIDataTypes, UITools>>'.
src/components/canvas/NodeContextChat.tsx(20,63): error TS2339: Property 'isLoading' does not exist on type 'UseChatHelpers<UIMessage<unknown, UIDataTypes, UITools>>'.
src/components/canvas/NodeContextChat.tsx(21,9): error TS2353: Object literal may only specify known properties, and 'api' does not exist in type 'UseChatOptions<UIMessage<unknown, UIDataTypes, UITools>>'.
src/components/canvas/NodeContextChat.tsx(41,29): error TS2345: Argument of type '{ id: any; role: "user" | "assistant"; content: any; }[]' is not assignable to parameter of type 'UIMessage<unknown, UIDataTypes, UITools>[] | ((messages: UIMessage<unknown, UIDataTypes, UITools>[]) => UIMessage<unknown, UIDataTypes, UITools>[])'.
  Type '{ id: any; role: "user" | "assistant"; content: any; }[]' is not assignable to type 'UIMessage<unknown, UIDataTypes, UITools>[]'.
    Property 'parts' is missing in type '{ id: any; role: "user" | "assistant"; content: any; }' but required in type 'UIMessage<unknown, UIDataTypes, UITools>'.
src/components/os/blocks/ChartBlock.tsx(33,32): error TS2322: Type 'Record<string, any>[] | null' is not assignable to type 'ChartData | undefined'.
  Type 'null' is not assignable to type 'ChartData | undefined'.
src/components/os/blocks/ChartBlock.tsx(35,30): error TS18047: 'series' is possibly 'null'.
src/components/os/blocks/ChartBlock.tsx(43,32): error TS2769: No overload matches this call.
  Overload 1 of 2, '(props: Props, context?: any): string | number | bigint | boolean | ReactElement<unknown, string | JSXElementConstructor<any>> | Iterable<...> | Promise<...> | Component<...> | null | undefined', gave the following error.
    Type 'string | null' is not assignable to type 'DataKey<any> | undefined'.
      Type 'null' is not assignable to type 'DataKey<any> | undefined'.
  Overload 2 of 2, '(props: Props): string | number | bigint | boolean | ReactElement<unknown, string | JSXElementConstructor<any>> | Iterable<ReactNode> | Promise<...> | Component<...> | null | undefined', gave the following error.
    Type 'string | null' is not assignable to type 'DataKey<any> | undefined'.
      Type 'null' is not assignable to type 'DataKey<any> | undefined'.
src/components/os/blocks/ChartBlock.tsx(49,26): error TS18047: 'series' is possibly 'null'.
src/components/os/blocks/ChartBlock.tsx(65,31): error TS2322: Type 'Record<string, any>[] | null' is not assignable to type 'ChartData | undefined'.
  Type 'null' is not assignable to type 'ChartData | undefined'.
src/components/os/blocks/ChartBlock.tsx(67,32): error TS2769: No overload matches this call.
  Overload 1 of 2, '(props: Props, context?: any): string | number | bigint | boolean | ReactElement<unknown, string | JSXElementConstructor<any>> | Iterable<...> | Promise<...> | Component<...> | null | undefined', gave the following error.
    Type 'string | null' is not assignable to type 'DataKey<any> | undefined'.
      Type 'null' is not assignable to type 'DataKey<any> | undefined'.
  Overload 2 of 2, '(props: Props): string | number | bigint | boolean | ReactElement<unknown, string | JSXElementConstructor<any>> | Iterable<ReactNode> | Promise<...> | Component<...> | null | undefined', gave the following error.
    Type 'string | null' is not assignable to type 'DataKey<any> | undefined'.
      Type 'null' is not assignable to type 'DataKey<any> | undefined'.
src/components/os/blocks/ChartBlock.tsx(71,26): error TS18047: 'series' is possibly 'null'.
src/components/os/blocks/ChartBlock.tsx(85,32): error TS2322: Type 'Record<string, any>[] | null' is not assignable to type 'ChartData | undefined'.
  Type 'null' is not assignable to type 'ChartData | undefined'.
src/components/os/blocks/ChartBlock.tsx(87,32): error TS2769: No overload matches this call.
  Overload 1 of 2, '(props: Props, context?: any): string | number | bigint | boolean | ReactElement<unknown, string | JSXElementConstructor<any>> | Iterable<...> | Promise<...> | Component<...> | null | undefined', gave the following error.
    Type 'string | null' is not assignable to type 'DataKey<any> | undefined'.
      Type 'null' is not assignable to type 'DataKey<any> | undefined'.
  Overload 2 of 2, '(props: Props): string | number | bigint | boolean | ReactElement<unknown, string | JSXElementConstructor<any>> | Iterable<ReactNode> | Promise<...> | Component<...> | null | undefined', gave the following error.
    Type 'string | null' is not assignable to type 'DataKey<any> | undefined'.
      Type 'null' is not assignable to type 'DataKey<any> | undefined'.
src/components/os/blocks/ChartBlock.tsx(91,26): error TS18047: 'series' is possibly 'null'.
src/components/os/blocks/ChartBlock.tsx(107,34): error TS18047: 'series' is possibly 'null'.
src/components/os/blocks/ChartBlock.tsx(111,29): error TS2322: Type 'Record<string, any>[] | null' is not assignable to type 'ChartData | undefined'.
  Type 'null' is not assignable to type 'ChartData | undefined'.
src/components/os/blocks/ChartBlock.tsx(119,29): error TS2322: Type 'string | null' is not assignable to type 'DataKey<any> | undefined'.
  Type 'null' is not assignable to type 'DataKey<any> | undefined'.
src/components/os/blocks/ChartBlock.tsx(121,30): error TS18047: 'data' is possibly 'null'.
src/components/os/blocks/TableBlock.tsx(46,30): error TS18047: 'columns' is possibly 'null'.
src/components/os/blocks/TableBlock.tsx(54,26): error TS18047: 'data' is possibly 'null'.
src/components/os/blocks/TableBlock.tsx(56,34): error TS18047: 'columns' is possibly 'null'.
src/components/os/blocks/TableBlock.tsx(58,68): error TS2345: Argument of type '"number" | "text" | "currency" | "percent" | null | undefined' is not assignable to parameter of type 'string | undefined'.
  Type 'null' is not assignable to type 'string | undefined'.
